
> vbt-server@1.0.0 start:prod
> npm run build && npm start


> vbt-server@1.0.0 build
> cd frontend && npm run build


> vbt-frontend@1.0.0 build
> next build

  ▲ Next.js 14.2.28
  - Environments: .env.local

   Creating an optimized production build ...
 ✓ Compiled successfully
   Linting and checking validity of types ...
   Collecting page data ...
   Generating static pages (0/8) ...
   Generating static pages (2/8) 
   Generating static pages (4/8) 
   Generating static pages (6/8) 
 ✓ Generating static pages (8/8)
   Finalizing page optimization ...
   Collecting build traces ...

Route (app)                              Size     First Load JS
┌ ○ /                                    3.25 kB         103 kB
├ ○ /_not-found                          873 B          88.1 kB
├ ƒ /api/initialize-csv                  0 B                0 B
├ ○ /dashboard                           11.1 kB         111 kB
└ ○ /home                                2.47 kB         102 kB
+ First Load JS shared by all            87.2 kB
  ├ chunks/117-49a6dc114a7a33fd.js       31.6 kB
  ├ chunks/fd9d1056-b60437f45e623675.js  53.6 kB
  └ other shared chunks (total)          2 kB


○  (Static)   prerendered as static content
ƒ  (Dynamic)  server-rendered on demand


> vbt-server@1.0.0 start
> node server.js


Server is accessible at:
http://192.168.0.101:3001

To access from other devices on the same network:
1. Make sure you're connected to the same WiFi network
2. Open any of the above URLs in your browser
Arduino port error: Error: No such file or directory, cannot open /dev/tty.usbmodem101
 ○ Compiling / ...
 ✓ Compiled / in 1375ms (613 modules)
 GET / 200 in 1582ms
 GET / 200 in 51ms
 ✓ Compiled /favicon.ico in 359ms (363 modules)
 GET /favicon.ico 200 in 415ms
 ✓ Compiled in 512ms (590 modules)
 ✓ Compiled in 191ms (590 modules)
 GET / 200 in 153ms
 ✓ Compiled /favicon.ico in 68ms (363 modules)
 GET /favicon.ico 200 in 124ms
 ✓ Compiled in 415ms (622 modules)
 GET / 200 in 114ms
 GET /favicon.ico 200 in 24ms
 ✓ Compiled in 150ms (622 modules)
 ✓ Compiled in 185ms (622 modules)
 GET / 200 in 92ms
 GET /favicon.ico 200 in 17ms
 ✓ Compiled in 184ms (622 modules)
 ✓ Compiled in 172ms (622 modules)
 ✓ Compiled in 168ms (622 modules)
 GET / 200 in 64ms
 GET /favicon.ico 200 in 18ms
 ✓ Compiled in 190ms (622 modules)
